# --- Official Arch repo packages ---
adw-gtk-theme
alsa-utils
ark
awww
blueman
bluez-utils
brightnessctl
cliphist
discord
fastfetch
gdu
git
glow
gvfs
htop
hypridle
hyprland
hyprlock
hyprpicker
hyprpolkitagent
hyprshot
hyprsunset
imagemagick
kitty
kvantum
lib32-pipewire
ly
neovim
networkmanager
nm-connection-editor
noto-fonts
noto-fonts-cjk
noto-fonts-emoji
nwg-look
pacman-contrib
papirus-icon-theme
pavucontrol
pipewire
pipewire-alsa
pipewire-audio
pipewire-jack
pipewire-pulse
playerctl
python-pywal
qt5-wayland
qt5ct
qt6-wayland
qt6ct
rar
rofi
stow
swaync
thunar
thunar-volman
tlp
tlp-pd
ttf-bitstream-vera-mono-nerd
ttf-jetbrains-mono-nerd
tumbler
unzip
uwsm
vlc
wev
wireplumber
wl-clipboard
xdg-desktop-portal-gtk
xdg-desktop-portal-hyprland
zip
zsh

# --- AUR packages ---
ashell
bibata-cursor-theme
google-chrome
snappyswitcher
spotify
weathr
yay
